// Jest Snapshot v1, https://goo.gl/fbAQLP

exports[`MessageBar renders MessageBar correctly 1`] = `
<div
  aria-live="polite"
  className="ms-MessageBar ms-MessageBar undefined ms-MessageBar-multiline"
  role="status"
>
  <div
    className="ms-MessageBar-content"
  >
    <div
      className="ms-MessageBar-icon"
    >
      <i
        aria-hidden={true}
        className=

            {
              -moz-osx-font-smoothing: grayscale;
              -webkit-font-smoothing: antialiased;
              display: inline-block;
              font-family: "FabricMDL2Icons";
              font-style: normal;
              font-weight: normal;
              speak: none;
            }
        data-icon-name="Info"
        role="presentation"
      >
        î¥†
      </i>
    </div>
    <div
      className="ms-MessageBar-text"
      id="MessageBar0"
    >
      <span
        aria-live="polite"
        className="ms-MessageBar-innerText undefined"
        role="status"
      />
    </div>
  </div>
</div>
`;
